
<p>Here's foo!</p>

<div class="bar"><foo data-date="2014-03-29"></foo></div>
