
<p>Here's foo!</p>

<div class="bar"><foo data-date="2014-03-29"></foo></div>

<p>And here's bar!</p>

<ul><li>tomatoes</li><li>paperclips</li><li>raccoons</li><li>trampolines</li></ul>

<p>And here's another foo!</p>

<div class="baz"><foo data-date="2014-03-29"></foo></div>


